[     111ms] [LOG] [Fast Refresh] done in 271ms @ http://localhost:3000/_next/static/chunks/node_modules_next_dist_1e8vcs8._.js:776
[     466ms] [INFO] %cDownload the React DevTools for a better development experience: https://react.dev/link/react-devtools font-weight:bold @ http://localhost:3000/_next/static/chunks/node_modules_next_dist_1e8vcs8._.js:776
[     615ms] [LOG] [HMR] connected @ http://localhost:3000/_next/static/chunks/node_modules_next_dist_1e8vcs8._.js:776
[    1254ms] [ERROR] Loading the script 'https://va.vercel-scripts.com/v1/script.debug.js' violates the following Content Security Policy directive: "script-src 'self' 'unsafe-eval' 'unsafe-inline' https://qmzsnlviwmbdecyomgbh.supabase.co". Note that 'script-src-elem' was not explicitly set, so 'script-src' is used as a fallback. The action has been blocked. @ http://localhost:3000/_next/static/chunks/node_modules_122xzik._.js:19307
[    1262ms] [ERROR] Loading the script 'https://va.vercel-scripts.com/v1/speed-insights/script.debug.js' violates the following Content Security Policy directive: "script-src 'self' 'unsafe-eval' 'unsafe-inline' https://qmzsnlviwmbdecyomgbh.supabase.co". Note that 'script-src-elem' was not explicitly set, so 'script-src' is used as a fallback. The action has been blocked. @ http://localhost:3000/_next/static/chunks/node_modules_122xzik._.js:19569
[    1279ms] [LOG] [Vercel Web Analytics] Failed to load script from https://va.vercel-scripts.com/v1/script.debug.js. Please check if any ad blockers are enabled and try again. @ http://localhost:3000/_next/static/chunks/node_modules_next_dist_1e8vcs8._.js:776
[    1279ms] [LOG] [Vercel Speed Insights] Failed to load script from https://va.vercel-scripts.com/v1/speed-insights/script.debug.js. Please check if any content blockers are enabled and try again. @ http://localhost:3000/_next/static/chunks/node_modules_next_dist_1e8vcs8._.js:776
[    1996ms] [ERROR] Failed to load resource: the server responded with a status of 406 () @ https://qmzsnlviwmbdecyomgbh.supabase.co/rest/v1/rounds?select=id%2Ccompetition_run_id%2Cround_number%2Cround_type%2Cstatus%2Cstarted_at%2Cends_at%2Cmarket_status%2Ctrading_status%2Cpaused_at%2Caccumulated_pause_duration%2Ccreated_at%2Cupdated_at&competition_run_id=eq.d1d8bcaf-d8e3-4b75-902b-e9ee981d9796&status=eq.active:0
[    3063ms] [ERROR] Failed to load resource: the server responded with a status of 406 () @ https://qmzsnlviwmbdecyomgbh.supabase.co/rest/v1/rounds?select=id%2Ccompetition_run_id%2Cround_number%2Cround_type%2Cstatus%2Cstarted_at%2Cends_at%2Cmarket_status%2Ctrading_status%2Cpaused_at%2Caccumulated_pause_duration%2Ccreated_at%2Cupdated_at&competition_run_id=eq.d1d8bcaf-d8e3-4b75-902b-e9ee981d9796&status=eq.active:0
[    3130ms] [ERROR] Failed to load resource: the server responded with a status of 406 () @ https://qmzsnlviwmbdecyomgbh.supabase.co/rest/v1/rounds?select=id%2Ccompetition_run_id%2Cround_number%2Cround_type%2Cstatus%2Cstarted_at%2Cends_at%2Cmarket_status%2Ctrading_status%2Cpaused_at%2Caccumulated_pause_duration%2Ccreated_at%2Cupdated_at&competition_run_id=eq.d1d8bcaf-d8e3-4b75-902b-e9ee981d9796&status=eq.active:0
[   41079ms] [LOG] [Fast Refresh] rebuilding @ http://localhost:3000/_next/static/chunks/node_modules_next_dist_1e8vcs8._.js:776
[   41081ms] [LOG] [Fast Refresh] done in 104ms @ http://localhost:3000/_next/static/chunks/node_modules_next_dist_1e8vcs8._.js:776
[  257518ms] [LOG] [Fast Refresh] rebuilding @ http://localhost:3000/_next/static/chunks/node_modules_next_dist_1e8vcs8._.js:776
[  257921ms] [LOG] [Fast Refresh] done in 420ms @ http://localhost:3000/_next/static/chunks/node_modules_next_dist_1e8vcs8._.js:776
[  258141ms] [LOG] [Fast Refresh] done in 420ms @ http://localhost:3000/_next/static/chunks/node_modules_next_dist_1e8vcs8._.js:776
[  259896ms] [LOG] [Fast Refresh] done in 420ms @ http://localhost:3000/_next/static/chunks/node_modules_next_dist_1e8vcs8._.js:776
[  275778ms] [LOG] [Fast Refresh] rebuilding @ http://localhost:3000/_next/static/chunks/node_modules_next_dist_1e8vcs8._.js:776
[  276174ms] [LOG] [Fast Refresh] done in 363ms @ http://localhost:3000/_next/static/chunks/node_modules_next_dist_1e8vcs8._.js:776
[  277852ms] [LOG] [Fast Refresh] done in 363ms @ http://localhost:3000/_next/static/chunks/node_modules_next_dist_1e8vcs8._.js:776
[  288626ms] [LOG] [Fast Refresh] rebuilding @ http://localhost:3000/_next/static/chunks/node_modules_next_dist_1e8vcs8._.js:776
[  288777ms] [LOG] [Fast Refresh] done in 221ms @ http://localhost:3000/_next/static/chunks/node_modules_next_dist_1e8vcs8._.js:776
[  290583ms] [LOG] [Fast Refresh] done in 221ms @ http://localhost:3000/_next/static/chunks/node_modules_next_dist_1e8vcs8._.js:776
[  293403ms] [LOG] [Fast Refresh] done in 221ms @ http://localhost:3000/_next/static/chunks/node_modules_next_dist_1e8vcs8._.js:776
[  295200ms] [LOG] [Fast Refresh] done in 221ms @ http://localhost:3000/_next/static/chunks/node_modules_next_dist_1e8vcs8._.js:776
