[     272ms] [INFO] %cDownload the React DevTools for a better development experience: https://react.dev/link/react-devtools font-weight:bold @ http://localhost:3000/_next/static/chunks/node_modules_next_dist_1e8vcs8._.js:776
[     344ms] [LOG] [HMR] connected @ http://localhost:3000/_next/static/chunks/node_modules_next_dist_1e8vcs8._.js:776
[     539ms] [ERROR] Loading the script 'https://va.vercel-scripts.com/v1/script.debug.js' violates the following Content Security Policy directive: "script-src 'self' 'unsafe-eval' 'unsafe-inline' https://qmzsnlviwmbdecyomgbh.supabase.co". Note that 'script-src-elem' was not explicitly set, so 'script-src' is used as a fallback. The action has been blocked. @ http://localhost:3000/_next/static/chunks/node_modules_122xzik._.js:19307
[     540ms] [ERROR] Loading the script 'https://va.vercel-scripts.com/v1/speed-insights/script.debug.js' violates the following Content Security Policy directive: "script-src 'self' 'unsafe-eval' 'unsafe-inline' https://qmzsnlviwmbdecyomgbh.supabase.co". Note that 'script-src-elem' was not explicitly set, so 'script-src' is used as a fallback. The action has been blocked. @ http://localhost:3000/_next/static/chunks/node_modules_122xzik._.js:19569
[     547ms] [LOG] [Vercel Web Analytics] Failed to load script from https://va.vercel-scripts.com/v1/script.debug.js. Please check if any ad blockers are enabled and try again. @ http://localhost:3000/_next/static/chunks/node_modules_next_dist_1e8vcs8._.js:776
[     548ms] [LOG] [Vercel Speed Insights] Failed to load script from https://va.vercel-scripts.com/v1/speed-insights/script.debug.js. Please check if any content blockers are enabled and try again. @ http://localhost:3000/_next/static/chunks/node_modules_next_dist_1e8vcs8._.js:776
[  311394ms] [LOG] [Fast Refresh] rebuilding @ http://localhost:3000/_next/static/chunks/node_modules_next_dist_1e8vcs8._.js:776
[  311664ms] [LOG] [Fast Refresh] done in 302ms @ http://localhost:3000/_next/static/chunks/node_modules_next_dist_1e8vcs8._.js:776
[  311731ms] [LOG] [Fast Refresh] done in 302ms @ http://localhost:3000/_next/static/chunks/node_modules_next_dist_1e8vcs8._.js:776
[  313665ms] [LOG] [Fast Refresh] done in 302ms @ http://localhost:3000/_next/static/chunks/node_modules_next_dist_1e8vcs8._.js:776
[  324417ms] [LOG] [Fast Refresh] rebuilding @ http://localhost:3000/_next/static/chunks/node_modules_next_dist_1e8vcs8._.js:776
[  324627ms] [LOG] [Fast Refresh] done in 227ms @ http://localhost:3000/_next/static/chunks/node_modules_next_dist_1e8vcs8._.js:776
[  326608ms] [LOG] [Fast Refresh] done in 227ms @ http://localhost:3000/_next/static/chunks/node_modules_next_dist_1e8vcs8._.js:776
[  343866ms] [LOG] [Fast Refresh] rebuilding @ http://localhost:3000/_next/static/chunks/node_modules_next_dist_1e8vcs8._.js:776
[  344141ms] [LOG] [Fast Refresh] done in 314ms @ http://localhost:3000/_next/static/chunks/node_modules_next_dist_1e8vcs8._.js:776
[  346162ms] [LOG] [Fast Refresh] done in 314ms @ http://localhost:3000/_next/static/chunks/node_modules_next_dist_1e8vcs8._.js:776
[  436407ms] [LOG] [Fast Refresh] done in 314ms @ http://localhost:3000/_next/static/chunks/node_modules_next_dist_1e8vcs8._.js:776
[  436611ms] [INFO] %cDownload the React DevTools for a better development experience: https://react.dev/link/react-devtools font-weight:bold @ http://localhost:3000/_next/static/chunks/node_modules_next_dist_1e8vcs8._.js:776
[  436652ms] [LOG] [HMR] connected @ http://localhost:3000/_next/static/chunks/node_modules_next_dist_1e8vcs8._.js:776
[  436862ms] [ERROR] Loading the script 'https://va.vercel-scripts.com/v1/script.debug.js' violates the following Content Security Policy directive: "script-src 'self' 'unsafe-eval' 'unsafe-inline' https://qmzsnlviwmbdecyomgbh.supabase.co". Note that 'script-src-elem' was not explicitly set, so 'script-src' is used as a fallback. The action has been blocked. @ http://localhost:3000/_next/static/chunks/node_modules_122xzik._.js:19307
[  436864ms] [ERROR] Loading the script 'https://va.vercel-scripts.com/v1/speed-insights/script.debug.js' violates the following Content Security Policy directive: "script-src 'self' 'unsafe-eval' 'unsafe-inline' https://qmzsnlviwmbdecyomgbh.supabase.co". Note that 'script-src-elem' was not explicitly set, so 'script-src' is used as a fallback. The action has been blocked. @ http://localhost:3000/_next/static/chunks/node_modules_122xzik._.js:19569
[  436870ms] [LOG] [Vercel Web Analytics] Failed to load script from https://va.vercel-scripts.com/v1/script.debug.js. Please check if any ad blockers are enabled and try again. @ http://localhost:3000/_next/static/chunks/node_modules_next_dist_1e8vcs8._.js:776
[  436870ms] [LOG] [Vercel Speed Insights] Failed to load script from https://va.vercel-scripts.com/v1/speed-insights/script.debug.js. Please check if any content blockers are enabled and try again. @ http://localhost:3000/_next/static/chunks/node_modules_next_dist_1e8vcs8._.js:776
[  439003ms] [ERROR] Failed to load resource: the server responded with a status of 406 () @ https://qmzsnlviwmbdecyomgbh.supabase.co/rest/v1/rounds?select=id%2Ccompetition_run_id%2Cround_number%2Cround_type%2Cstatus%2Cstarted_at%2Cends_at%2Cmarket_status%2Ctrading_status%2Cpaused_at%2Caccumulated_pause_duration%2Ccreated_at%2Cupdated_at&competition_run_id=eq.d1d8bcaf-d8e3-4b75-902b-e9ee981d9796&status=eq.active:0
[  439663ms] [ERROR] Failed to load resource: the server responded with a status of 406 () @ https://qmzsnlviwmbdecyomgbh.supabase.co/rest/v1/rounds?select=id%2Ccompetition_run_id%2Cround_number%2Cround_type%2Cstatus%2Cstarted_at%2Cends_at%2Cmarket_status%2Ctrading_status%2Cpaused_at%2Caccumulated_pause_duration%2Ccreated_at%2Cupdated_at&competition_run_id=eq.d1d8bcaf-d8e3-4b75-902b-e9ee981d9796&status=eq.active:0
[  439721ms] [ERROR] Failed to load resource: the server responded with a status of 406 () @ https://qmzsnlviwmbdecyomgbh.supabase.co/rest/v1/rounds?select=id%2Ccompetition_run_id%2Cround_number%2Cround_type%2Cstatus%2Cstarted_at%2Cends_at%2Cmarket_status%2Ctrading_status%2Cpaused_at%2Caccumulated_pause_duration%2Ccreated_at%2Cupdated_at&competition_run_id=eq.d1d8bcaf-d8e3-4b75-902b-e9ee981d9796&status=eq.active:0
[  552637ms] [LOG] [Fast Refresh] rebuilding @ http://localhost:3000/_next/static/chunks/node_modules_next_dist_1e8vcs8._.js:776
[  552670ms] [WARNING] [Fast Refresh] performing full reload

Fast Refresh will perform a full reload when you edit a file that's imported by modules outside of the React rendering tree.
You might have a file which exports a React component but also exports a value that is imported by a non-React component file.
Consider migrating the non-React component export to a separate file and importing it into both files.

It is also possible the parent component of the component you edited is a class component, which disables Fast Refresh.
Fast Refresh requires at least one parent function component in your React tree. @ http://localhost:3000/_next/static/chunks/node_modules_next_dist_1e8vcs8._.js:776
[  552705ms] [LOG] [Fast Refresh] done in 79ms @ http://localhost:3000/_next/static/chunks/node_modules_next_dist_1e8vcs8._.js:776
[  552809ms] [LOG] [Fast Refresh] done in 79ms @ http://localhost:3000/_next/static/chunks/node_modules_next_dist_1e8vcs8._.js:776
[  552902ms] [LOG] [Fast Refresh] done in 79ms @ http://localhost:3000/_next/static/chunks/node_modules_next_dist_1e8vcs8._.js:776
[  553439ms] [INFO] %cDownload the React DevTools for a better development experience: https://react.dev/link/react-devtools font-weight:bold @ http://localhost:3000/_next/static/chunks/node_modules_next_dist_1e8vcs8._.js:776
[  553601ms] [LOG] [HMR] connected @ http://localhost:3000/_next/static/chunks/node_modules_next_dist_1e8vcs8._.js:776
[  554072ms] [ERROR] Loading the script 'https://va.vercel-scripts.com/v1/script.debug.js' violates the following Content Security Policy directive: "script-src 'self' 'unsafe-eval' 'unsafe-inline' https://qmzsnlviwmbdecyomgbh.supabase.co". Note that 'script-src-elem' was not explicitly set, so 'script-src' is used as a fallback. The action has been blocked. @ http://localhost:3000/_next/static/chunks/node_modules_122xzik._.js:19307
[  554078ms] [ERROR] Loading the script 'https://va.vercel-scripts.com/v1/speed-insights/script.debug.js' violates the following Content Security Policy directive: "script-src 'self' 'unsafe-eval' 'unsafe-inline' https://qmzsnlviwmbdecyomgbh.supabase.co". Note that 'script-src-elem' was not explicitly set, so 'script-src' is used as a fallback. The action has been blocked. @ http://localhost:3000/_next/static/chunks/node_modules_122xzik._.js:19569
[  554081ms] [LOG] [Vercel Web Analytics] Failed to load script from https://va.vercel-scripts.com/v1/script.debug.js. Please check if any ad blockers are enabled and try again. @ http://localhost:3000/_next/static/chunks/node_modules_next_dist_1e8vcs8._.js:776
[  554083ms] [LOG] [Vercel Speed Insights] Failed to load script from https://va.vercel-scripts.com/v1/speed-insights/script.debug.js. Please check if any content blockers are enabled and try again. @ http://localhost:3000/_next/static/chunks/node_modules_next_dist_1e8vcs8._.js:776
[  598644ms] [LOG] [Fast Refresh] rebuilding @ http://localhost:3000/_next/static/chunks/node_modules_next_dist_1e8vcs8._.js:776
[  598731ms] [LOG] [Fast Refresh] done in 38ms @ http://localhost:3000/_next/static/chunks/node_modules_next_dist_1e8vcs8._.js:776
[  600762ms] [LOG] [Fast Refresh] done in 38ms @ http://localhost:3000/_next/static/chunks/node_modules_next_dist_1e8vcs8._.js:776
[  613795ms] [LOG] [Fast Refresh] done in 38ms @ http://localhost:3000/_next/static/chunks/node_modules_next_dist_1e8vcs8._.js:776
[  613833ms] [LOG] [Fast Refresh] done in 38ms @ http://localhost:3000/_next/static/chunks/node_modules_next_dist_1e8vcs8._.js:776
[  616135ms] [LOG] [Fast Refresh] done in 38ms @ http://localhost:3000/_next/static/chunks/node_modules_next_dist_1e8vcs8._.js:776
[  622107ms] [LOG] [Fast Refresh] rebuilding @ http://localhost:3000/_next/static/chunks/node_modules_next_dist_1e8vcs8._.js:776
[  622158ms] [LOG] [Fast Refresh] done in 20ms @ http://localhost:3000/_next/static/chunks/node_modules_next_dist_1e8vcs8._.js:776
[  622205ms] [LOG] [Fast Refresh] done in 20ms @ http://localhost:3000/_next/static/chunks/node_modules_next_dist_1e8vcs8._.js:776
[  624166ms] [LOG] [Fast Refresh] done in 20ms @ http://localhost:3000/_next/static/chunks/node_modules_next_dist_1e8vcs8._.js:776
[  642526ms] [LOG] [Fast Refresh] rebuilding @ http://localhost:3000/_next/static/chunks/node_modules_next_dist_1e8vcs8._.js:776
[  642762ms] [LOG] [Fast Refresh] done in 264ms @ http://localhost:3000/_next/static/chunks/node_modules_next_dist_1e8vcs8._.js:776
[  644722ms] [LOG] [Fast Refresh] done in 264ms @ http://localhost:3000/_next/static/chunks/node_modules_next_dist_1e8vcs8._.js:776
[  672544ms] [LOG] [Fast Refresh] rebuilding @ http://localhost:3000/_next/static/chunks/node_modules_next_dist_1e8vcs8._.js:776
[  672825ms] [LOG] [Fast Refresh] done in 269ms @ http://localhost:3000/_next/static/chunks/node_modules_next_dist_1e8vcs8._.js:776
[  674730ms] [LOG] [Fast Refresh] done in 269ms @ http://localhost:3000/_next/static/chunks/node_modules_next_dist_1e8vcs8._.js:776
[  724086ms] [LOG] [Fast Refresh] done in 269ms @ http://localhost:3000/_next/static/chunks/node_modules_next_dist_1e8vcs8._.js:776
[  730012ms] [LOG] [Fast Refresh] done in 269ms @ http://localhost:3000/_next/static/chunks/node_modules_next_dist_1e8vcs8._.js:776
[  739059ms] [LOG] [Fast Refresh] done in 269ms @ http://localhost:3000/_next/static/chunks/node_modules_next_dist_1e8vcs8._.js:776
[  753777ms] [LOG] [Fast Refresh] done in 269ms @ http://localhost:3000/_next/static/chunks/node_modules_next_dist_1e8vcs8._.js:776
[  753972ms] [INFO] %cDownload the React DevTools for a better development experience: https://react.dev/link/react-devtools font-weight:bold @ http://localhost:3000/_next/static/chunks/node_modules_next_dist_1e8vcs8._.js:776
[  754029ms] [LOG] [HMR] connected @ http://localhost:3000/_next/static/chunks/node_modules_next_dist_1e8vcs8._.js:776
[  754240ms] [ERROR] Loading the script 'https://va.vercel-scripts.com/v1/script.debug.js' violates the following Content Security Policy directive: "script-src 'self' 'unsafe-eval' 'unsafe-inline' https://qmzsnlviwmbdecyomgbh.supabase.co". Note that 'script-src-elem' was not explicitly set, so 'script-src' is used as a fallback. The action has been blocked. @ http://localhost:3000/_next/static/chunks/node_modules_122xzik._.js:19307
[  754242ms] [ERROR] Loading the script 'https://va.vercel-scripts.com/v1/speed-insights/script.debug.js' violates the following Content Security Policy directive: "script-src 'self' 'unsafe-eval' 'unsafe-inline' https://qmzsnlviwmbdecyomgbh.supabase.co". Note that 'script-src-elem' was not explicitly set, so 'script-src' is used as a fallback. The action has been blocked. @ http://localhost:3000/_next/static/chunks/node_modules_122xzik._.js:19569
[  754247ms] [LOG] [Vercel Web Analytics] Failed to load script from https://va.vercel-scripts.com/v1/script.debug.js. Please check if any ad blockers are enabled and try again. @ http://localhost:3000/_next/static/chunks/node_modules_next_dist_1e8vcs8._.js:776
[  754248ms] [LOG] [Vercel Speed Insights] Failed to load script from https://va.vercel-scripts.com/v1/speed-insights/script.debug.js. Please check if any content blockers are enabled and try again. @ http://localhost:3000/_next/static/chunks/node_modules_next_dist_1e8vcs8._.js:776
[  756105ms] [ERROR] Failed to load resource: the server responded with a status of 406 () @ https://qmzsnlviwmbdecyomgbh.supabase.co/rest/v1/rounds?select=id%2Ccompetition_run_id%2Cround_number%2Cround_type%2Cstatus%2Cstarted_at%2Cends_at%2Cmarket_status%2Ctrading_status%2Cpaused_at%2Caccumulated_pause_duration%2Ccreated_at%2Cupdated_at&competition_run_id=eq.d1d8bcaf-d8e3-4b75-902b-e9ee981d9796&status=eq.active:0
[  756710ms] [ERROR] Failed to load resource: the server responded with a status of 406 () @ https://qmzsnlviwmbdecyomgbh.supabase.co/rest/v1/rounds?select=id%2Ccompetition_run_id%2Cround_number%2Cround_type%2Cstatus%2Cstarted_at%2Cends_at%2Cmarket_status%2Ctrading_status%2Cpaused_at%2Caccumulated_pause_duration%2Ccreated_at%2Cupdated_at&competition_run_id=eq.d1d8bcaf-d8e3-4b75-902b-e9ee981d9796&status=eq.active:0
[  756775ms] [ERROR] Failed to load resource: the server responded with a status of 406 () @ https://qmzsnlviwmbdecyomgbh.supabase.co/rest/v1/rounds?select=id%2Ccompetition_run_id%2Cround_number%2Cround_type%2Cstatus%2Cstarted_at%2Cends_at%2Cmarket_status%2Ctrading_status%2Cpaused_at%2Caccumulated_pause_duration%2Ccreated_at%2Cupdated_at&competition_run_id=eq.d1d8bcaf-d8e3-4b75-902b-e9ee981d9796&status=eq.active:0
